// Jest Snapshot v1, https://goo.gl/fbAQLP

exports[`Author create Snapshot 1`] = `
<div
  class="w-full px-2 xs:mb-6 md:mb-12 article-card"
>
  <a
    class="flex transition-shadow duration-150 ease-in-out shadow-sm hover:shadow-md xxlmax:flex-col"
  >
    <img
      alt="Gabriel Caiana"
      class="h-48 xxlmin:w-1/2 xxlmax:w-full object-cover"
      src="images/me.jpg"
    />
     
    <div
      class="flex flex-col m-4"
    >
      <h4
        class="font-semibold"
      >
        Author
      </h4>
       
      <p
        class="author-name"
      >
        Gabriel Caiana
      </p>
       
      <p
        class="author-bio"
      >
        I\`am front-end developer
      </p>
    </div>
  </a>
</div>
`;
